{"batch_count": 2, "epoch": 1, "learning_rate_after_epoch": 0.005, "mean_total_loss": 8.540117740631104, "optimizer_step_count": 1}
{
  "schema_version": "poseloop.v1.2.smoke-identity.v1",
  "experiment_version": "v1.2",
  "implementation_commit": "bd5c5b55ad450d8670c1acc8e4c02a0532cffa90",
  "python": "3.12.3",
  "pytorch": "2.8.0+cu128",
  "torchvision": "0.23.0+cu128",
  "cuda": "12.8",
  "gpu_name": "NVIDIA GeForce RTX 5090",
  "compute_capability": [
    12,
    0
  ],
  "driver": "595.71.05",
  "source_detector_protocol_sha256": "c200f80cd47ef338341ba9e1ba941b0cd81ba9fc28f8b1dca4c05dfb33bcc5f1",
  "dataset_manifest_sha256": "b958091b602a3d9a62bc1b60ea28174d6f79ffcda5523c4e68bb33600f56810e",
  "official_weight_sha256": "73cbd0190fcbe3ba339921fbce2c3a0b6bb9126c9a133c85e43a2a8e060a109e",
  "status": "DETECTOR_SMOKE_PASS",
  "checks": {
    "two_batches": true,
    "one_real_optimizer_step": true,
    "finite_loss": true,
    "finite_checkpoint": true,
    "strict_checkpoint_reload": true,
    "checkpoint_matches_trained_model": true,
    "checkpoint_hash_matches": true,
    "training_protocol_bound": true,
    "smoke_only": true
  },
  "actual_optimizer_steps": 1,
  "amp": "torch.amp.autocast(cuda) + GradScaler in unchanged A-R9 train",
  "wall_time_seconds_including_reload": 35.1636489899829,
  "peak_gpu_allocated_bytes": 2454102016,
  "mean_total_loss": 8.540117740631104,
  "smoke_checkpoint": {
    "relative_path": "model-final.pt",
    "sha256": "920ce406914808aa347d80ad4329010dce5507d83d2d3cfe78262f60a4419565"
  },
  "training_result_sha256": "4b95b884c56d239d0495652c61fcdafd7d1e2f4120c085653d0cc01e410ddce6",
  "remaining_disk_bytes": 43967913984,
  "formal_training_started": false
}
